Calculating task graph as no cached configuration is available for tasks: clean build
> Task :app:preBuild UP-TO-DATE
> Task :app:checkKotlinGradlePluginConfigurationErrors SKIPPED
> Task :app:preDebugBuild UP-TO-DATE
> Task :app:preReleaseBuild UP-TO-DATE
> Task :app:preReleaseUnitTestBuild UP-TO-DATE
> Task :app:preDebugUnitTestBuild UP-TO-DATE
> Task :app:clean
> Task :app:mergeDebugNativeDebugMetadata NO-SOURCE
> Task :app:generateDebugResValues
> Task :app:createDebugCompatibleScreenManifests
> Task :app:desugarDebugFileDependencies
> Task :app:generateDebugResources
> Task :app:generateDebugBuildConfig
> Task :app:mergeDebugShaders
> Task :app:dataBindingMergeDependencyArtifactsDebug
> Task :app:compileDebugShaders NO-SOURCE
> Task :app:generateDebugAssets UP-TO-DATE
> Task :app:extractDebugSupportedLocales
> Task :app:extractDeepLinksDebug
> Task :app:mergeDebugJniLibFolders
> Task :app:mapDebugSourceSetPaths
> Task :app:writeDebugAppMetadata
> Task :app:writeDebugSigningConfigVersions
> Task :app:mergeReleaseJniLibFolders
> Task :app:generateDebugLocaleConfig
> Task :app:processDebugNavigationResources
> Task :app:validateSigningDebug
> Task :app:compileDebugNavigationResources
> Task :app:javaPreCompileDebug
> Task :app:mergeDebugAssets
> Task :app:packageDebugResources
> Task :app:checkDebugAarMetadata
> Task :app:mergeReleaseArtProfile
> Task :app:buildKotlinToolingMetadata
> Task :app:generateReleaseResValues
> Task :app:dataBindingMergeDependencyArtifactsRelease
> Task :app:generateReleaseResources
> Task :app:extractReleaseSupportedLocales
> Task :app:generateReleaseLocaleConfig
> Task :app:processReleaseNavigationResources

> Task :app:processDebugMainManifest
[com.google.ai.edge.litert:litert-support:1.4.0] /Users/avinash/.gradle/caches/9.0.0/transforms/d4f7c357769d24a2c5ed8c815b3416a6/transformed/litert-support-1.4.0/AndroidManifest.xml Warning:
	Namespace 'org.tensorflow.lite.support' is used in multiple modules and/or libraries: com.google.ai.edge.litert:litert-support:1.4.0, com.google.ai.edge.litert:litert-support-api:1.4.0. Please ensure that all modules and libraries have a unique namespace. For more information, See https://developer.android.com/studio/build/configure-app-module#set-namespace

> Task :app:processDebugManifest
> Task :app:checkDebugDuplicateClasses
> Task :app:checkReleaseDuplicateClasses
> Task :app:processDebugManifestForPackage
> Task :app:generateReleaseBuildConfig
> Task :app:mergeLibDexDebug
> Task :app:compileReleaseNavigationResources
> Task :app:packageReleaseResources
> Task :app:checkReleaseAarMetadata
> Task :app:mapReleaseSourceSetPaths
> Task :app:createReleaseCompatibleScreenManifests
> Task :app:extractDeepLinksRelease
> Task :app:parseDebugLocalResources
> Task :app:extractProguardFiles
> Task :app:mergeReleaseStartupProfile UP-TO-DATE
> Task :app:javaPreCompileRelease
> Task :app:mergeReleaseShaders
> Task :app:compileReleaseShaders NO-SOURCE
> Task :app:generateReleaseAssets UP-TO-DATE
> Task :app:extractReleaseVersionControlInfo
> Task :app:validateSigningRelease
> Task :app:writeReleaseAppMetadata
> Task :app:writeReleaseSigningConfigVersions
> Task :app:preDebugAndroidTestBuild SKIPPED
> Task :app:generateDebugAndroidTestResValues
> Task :app:parseReleaseLocalResources
> Task :app:javaPreCompileDebugUnitTest

> Task :app:processReleaseMainManifest
[com.google.ai.edge.litert:litert-support:1.4.0] /Users/avinash/.gradle/caches/9.0.0/transforms/d4f7c357769d24a2c5ed8c815b3416a6/transformed/litert-support-1.4.0/AndroidManifest.xml Warning:
	Namespace 'org.tensorflow.lite.support' is used in multiple modules and/or libraries: com.google.ai.edge.litert:litert-support:1.4.0, com.google.ai.edge.litert:litert-support-api:1.4.0. Please ensure that all modules and libraries have a unique namespace. For more information, See https://developer.android.com/studio/build/configure-app-module#set-namespace

> Task :app:javaPreCompileReleaseUnitTest
> Task :app:mergeReleaseAssets
> Task :app:processReleaseManifest
> Task :app:processReleaseManifestForPackage
> Task :app:mergeReleaseNativeLibs
> Task :app:mergeDebugNativeLibs
> Task :app:compressDebugAssets

> Task :app:stripReleaseDebugSymbols
Unable to strip the following libraries, packaging them as they are: libandroidx.graphics.path.so, libdatastore_shared_counter.so, libtensorflowlite_gpu_jni.so, libtensorflowlite_jni.so. Run with --info option to learn more.

> Task :app:extractReleaseNativeSymbolTables
> Task :app:mergeReleaseNativeDebugMetadata NO-SOURCE

> Task :app:stripDebugDebugSymbols
Unable to strip the following libraries, packaging them as they are: libandroidx.graphics.path.so, libdatastore_shared_counter.so, libtensorflowlite_gpu_jni.so, libtensorflowlite_jni.so. Run with --info option to learn more.

> Task :app:compressReleaseAssets
> Task :app:mergeDebugResources
> Task :app:dataBindingGenBaseClassesDebug
> Task :app:processDebugResources
> Task :app:mergeReleaseResources
> Task :app:dataBindingGenBaseClassesRelease
> Task :app:processReleaseResources
> Task :app:mergeExtDexDebug
> Task :app:kspReleaseKotlin
> Task :app:kspDebugKotlin
> Task :app:compileDebugKotlin
> Task :app:compileReleaseKotlin
> Task :app:compileDebugJavaWithJavac
> Task :app:compileReleaseJavaWithJavac
> Task :app:hiltAggregateDepsDebug
> Task :app:hiltAggregateDepsRelease
> Task :app:hiltJavaCompileRelease
> Task :app:hiltJavaCompileDebug
> Task :app:processReleaseJavaRes
> Task :app:generateReleaseLintVitalReportModel
> Task :app:generateDebugLintReportModel
> Task :app:processDebugJavaRes
> Task :app:bundleDebugClassesToCompileJar
> Task :app:bundleReleaseClassesToCompileJar
> Task :app:generateDebugAndroidTestLintModel
> Task :app:generateDebugUnitTestLintModel
> Task :app:kspDebugUnitTestKotlin UP-TO-DATE
> Task :app:kspReleaseUnitTestKotlin UP-TO-DATE
> Task :app:transformDebugClassesWithAsm
> Task :app:transformReleaseClassesWithAsm
> Task :app:bundleDebugClassesToRuntimeJar
> Task :app:mergeReleaseGeneratedProguardFiles
> Task :app:bundleReleaseClassesToRuntimeJar
> Task :app:lintAnalyzeDebugAndroidTest
> Task :app:compileReleaseUnitTestKotlin
> Task :app:compileDebugUnitTestKotlin
> Task :app:compileReleaseUnitTestJavaWithJavac NO-SOURCE
> Task :app:compileDebugUnitTestJavaWithJavac NO-SOURCE
> Task :app:mergeReleaseJavaResource
> Task :app:expandReleaseArtProfileWildcards
> Task :app:hiltAggregateDepsReleaseUnitTest
> Task :app:hiltJavaCompileReleaseUnitTest NO-SOURCE
> Task :app:processReleaseUnitTestJavaRes
> Task :app:mergeDebugJavaResource
> Task :app:hiltAggregateDepsDebugUnitTest
> Task :app:hiltJavaCompileDebugUnitTest NO-SOURCE
> Task :app:processDebugUnitTestJavaRes
> Task :app:transformReleaseUnitTestClassesWithAsm
> Task :app:transformDebugUnitTestClassesWithAsm
> Task :app:testReleaseUnitTest
> Task :app:testDebugUnitTest
> Task :app:test
> Task :app:dexBuilderDebug
> Task :app:mergeDebugGlobalSynthetics
> Task :app:mergeProjectDexDebug
> Task :app:packageDebug
> Task :app:assembleDebug
> Task :app:createDebugApkListingFileRedirect
> Task :app:lintAnalyzeDebugUnitTest
> Task :app:lintVitalAnalyzeRelease
> Task :app:lintAnalyzeDebug
> Task :app:minifyReleaseWithR8
> Task :app:lintVitalReportRelease SKIPPED
> Task :app:lintVitalRelease SKIPPED
> Task :app:convertShrunkResourcesToBinaryRelease
> Task :app:compileReleaseArtProfile
> Task :app:optimizeReleaseResources
> Task :app:packageRelease
> Task :app:assembleRelease
> Task :app:assemble
> Task :app:createReleaseApkListingFileRedirect

> Task :app:lintReportDebug
Wrote HTML report to file:///Users/avinash/Documents/Git/Vanderwaals/app/build/reports/lint-results-debug.html

> Task :app:lintDebug
> Task :app:lint
> Task :app:check
> Task :app:build

BUILD SUCCESSFUL in 1m 32s
130 actionable tasks: 127 executed, 3 up-to-date
Configuration cache entry stored.
